--- Starting Booking Lifecycle Test ---
[FAIL] Login (404)
    Error: <!DOCTYPE html>
<html lang="en">
<head>
  <meta http-equiv="content-type" content="text/html; charset=utf-8">
  <title>Page not found at /api/v1/accounts/login/</title>
  <meta name="robots" content="...
